
> synapse-web@0.1.0 dev
> next dev

▲ Next.js 16.1.1 (Turbopack)
- Local:         http://localhost:3000
- Network:       http://192.168.56.1:3000
- Environments: .env.local

✓ Starting...
✓ Ready in 14.5s
○ Compiling / ...
 GET / 200 in 48s (compile: 48s, render: 390ms)
 GET / 200 in 59ms (compile: 5ms, render: 54ms)
 GET / 200 in 61ms (compile: 4ms, render: 57ms)
 GET / 200 in 150ms (compile: 65ms, render: 85ms)
 GET / 200 in 297ms (compile: 13ms, render: 284ms)
 GET /dashboard 200 in 1110ms (compile: 986ms, render: 124ms)
 GET /api/backend/hardware 502 in 1990ms (compile: 1807ms, render: 182ms)
 GET /api/backend/hardware 502 in 2.0s (compile: 1820ms, render: 187ms)
 GET /dashboard?tab=chat 200 in 92ms (compile: 16ms, render: 76ms)
 GET /register 200 in 1315ms (compile: 1236ms, render: 79ms)
 POST /api/auth/sync-user 200 in 1139ms (compile: 428ms, render: 711ms)
 POST /api/auth/sync-user 200 in 1148ms (compile: 470ms, render: 678ms)
 GET /dashboard 200 in 181ms (compile: 9ms, render: 171ms)
 GET /dashboard 200 in 114ms (compile: 43ms, render: 71ms)
 GET /api/backend/hardware 502 in 81ms (compile: 33ms, render: 48ms)
 GET /api/backend/hardware 502 in 85ms (compile: 54ms, render: 31ms)
✓ Compiled in 4.3s
 GET / 200 in 300ms (compile: 10ms, render: 290ms)
✓ Compiled in 745ms
✓ Compiled in 680ms
✓ Compiled in 742ms
✓ Compiled in 1146ms
 GET / 200 in 755ms (compile: 143ms, render: 612ms)
 GET /login 200 in 853ms (compile: 706ms, render: 147ms)
 GET /dashboard 200 in 1076ms (compile: 955ms, render: 121ms)
 GET /api/backend/hardware 502 in 157ms (compile: 46ms, render: 111ms)
 GET /api/backend/hardware 502 in 45ms (compile: 10ms, render: 35ms)
 GET /dashboard?tab=chat 200 in 72ms (compile: 11ms, render: 62ms)
 GET /dashboard?tab=team 200 in 66ms (compile: 11ms, render: 54ms)
 GET /dashboard?tab=chat 200 in 64ms (compile: 9ms, render: 55ms)
 GET /dashboard?tab=team 200 in 55ms (compile: 10ms, render: 46ms)
 GET /dashboard?tab=usage 200 in 63ms (compile: 9ms, render: 53ms)
 GET /dashboard 200 in 55ms (compile: 6ms, render: 49ms)
 GET /dashboard?tab=chat 200 in 65ms (compile: 11ms, render: 54ms)
✓ Compiled in 355ms
✓ Compiled in 691ms
 GET /dashboard 200 in 131ms (compile: 86ms, render: 45ms)
 GET / 200 in 161ms (compile: 4ms, render: 157ms)
 GET /login 200 in 76ms (compile: 16ms, render: 60ms)
 GET /dashboard?tab=chat 200 in 34ms (compile: 4ms, render: 29ms)
✓ Compiled in 663ms
 GET /dashboard 200 in 165ms (compile: 108ms, render: 57ms)
 GET /new-organization 200 in 232ms (compile: 204ms, render: 29ms)
 GET /api/backend/hardware 502 in 51ms (compile: 18ms, render: 33ms)
 GET /api/backend/hardware 502 in 17ms (compile: 5ms, render: 12ms)
✓ Compiled in 210ms
✓ Compiled in 267ms
✓ Compiled in 590ms
✓ Compiled in 199ms
✓ Compiled in 240ms
✓ Compiled in 215ms
✓ Compiled in 211ms
✓ Compiled in 320ms
✓ Compiled in 205ms
 GET /new-organization 200 in 164ms (compile: 107ms, render: 57ms)
 GET /api/backend/hardware 502 in 50ms (compile: 14ms, render: 35ms)
 GET /api/backend/hardware 502 in 20ms (compile: 4ms, render: 16ms)
 GET /dashboard?tab=chat 200 in 168ms (compile: 132ms, render: 36ms)
 GET /dashboard 200 in 31ms (compile: 4ms, render: 26ms)
 GET /dashboard 200 in 120ms (compile: 2ms, render: 118ms)
✓ Compiled in 216ms
✓ Compiled in 659ms
 GET /new-organization 200 in 793ms (compile: 738ms, render: 56ms)
 GET /api/backend/hardware 502 in 51ms (compile: 14ms, render: 36ms)
 GET /api/backend/hardware 502 in 16ms (compile: 3ms, render: 13ms)
 GET / 200 in 365ms (compile: 64ms, render: 301ms)
 GET /login 200 in 219ms (compile: 71ms, render: 147ms)
 GET /register 200 in 219ms (compile: 113ms, render: 106ms)
 GET /new-organization 200 in 54ms (compile: 3ms, render: 51ms)
 GET /dashboard 200 in 28ms (compile: 3ms, render: 26ms)
✓ Compiled in 338ms
 GET /api/backend/hardware 502 in 37ms (compile: 13ms, render: 24ms)
 GET /api/backend/hardware 502 in 39ms (compile: 23ms, render: 16ms)
 GET /new-organization 200 in 39ms (compile: 5ms, render: 34ms)
✓ Compiled in 498ms
 GET /new-organization 200 in 50ms (compile: 6ms, render: 44ms)
 GET /dashboard 200 in 158ms (compile: 107ms, render: 51ms)
 GET /api/backend/hardware 502 in 42ms (compile: 12ms, render: 30ms)
 GET /api/backend/hardware 502 in 22ms (compile: 5ms, render: 17ms)
 GET /dashboard 200 in 19ms (compile: 2ms, render: 17ms)
✓ Compiled in 217ms
✓ Compiled in 241ms
✓ Compiled in 177ms
✓ Compiled in 193ms
 GET /new-organization 200 in 172ms (compile: 55ms, render: 117ms)
 GET /new-organization 200 in 25ms (compile: 4ms, render: 21ms)
 GET /api/backend/hardware 502 in 66ms (compile: 13ms, render: 53ms)
 GET /api/backend/hardware 502 in 39ms (compile: 4ms, render: 36ms)
✓ Compiled in 883ms
✓ Compiled in 453ms
✓ Compiled in 371ms
✓ Compiled in 531ms
 GET /dashboard 200 in 661ms (compile: 290ms, render: 372ms)
 GET /dashboard?tab=chat 200 in 35ms (compile: 8ms, render: 27ms)
