0 verbose cli C:\Program Files\nodejs\node.exe C:\Program Files\nodejs\node_modules\npm\bin\npm-cli.js
1 info using npm@11.11.0
2 info using node@v24.14.1
3 silly config load:file:C:\Program Files\nodejs\node_modules\npm\npmrc
4 silly config load:file:D:\Synapse\synapse\.npmrc
5 silly config load:file:C:\Users\MEGA IT SOLUTION\.npmrc
6 silly config load:file:C:\Users\MEGA IT SOLUTION\AppData\Roaming\npm\etc\npmrc
7 verbose title npm install
8 verbose argv "install" "--no-audit" "--no-fund"
9 verbose logfile logs-max:10 dir:D:\Synapse\synapse\.npm-cache\_logs\2026-04-20T21_28_53_757Z-
10 verbose logfile D:\Synapse\synapse\.npm-cache\_logs\2026-04-20T21_28_53_757Z-debug-0.log
11 silly logfile done cleaning log files
12 http fetch GET https://registry.npmjs.org/npm attempt 1 failed with ECONNREFUSED
13 silly packumentCache heap:4496293888 maxSize:1124073472 maxEntrySize:562036736
14 silly idealTree buildDeps
15 silly fetch manifest katex@^0.16.22
16 silly packumentCache full:https://registry.npmjs.org/katex cache-miss
17 http fetch GET https://registry.npmjs.org/katex attempt 1 failed with ECONNREFUSED
18 http fetch GET https://registry.npmjs.org/npm attempt 2 failed with ECONNREFUSED
19 http fetch GET https://registry.npmjs.org/katex attempt 2 failed with ECONNREFUSED
20 http fetch GET https://registry.npmjs.org/npm attempt 3 failed with ECONNREFUSED
21 http fetch GET https://registry.npmjs.org/katex attempt 3 failed with ECONNREFUSED
22 silly fetch manifest react-markdown@^10.1.0
23 silly packumentCache full:https://registry.npmjs.org/react-markdown cache-miss
24 http fetch GET https://registry.npmjs.org/react-markdown attempt 1 failed with ECONNREFUSED
25 http fetch GET https://registry.npmjs.org/react-markdown attempt 2 failed with ECONNREFUSED
26 http fetch GET https://registry.npmjs.org/react-markdown attempt 3 failed with ECONNREFUSED
27 silly fetch manifest rehype-katex@^7.0.1
28 silly packumentCache full:https://registry.npmjs.org/rehype-katex cache-miss
29 http fetch GET https://registry.npmjs.org/rehype-katex attempt 1 failed with ECONNREFUSED
30 http fetch GET https://registry.npmjs.org/rehype-katex attempt 2 failed with ECONNREFUSED
31 http fetch GET https://registry.npmjs.org/rehype-katex attempt 3 failed with ECONNREFUSED
32 silly fetch manifest remark-gfm@^4.0.1
33 silly packumentCache full:https://registry.npmjs.org/remark-gfm cache-miss
34 http fetch GET https://registry.npmjs.org/remark-gfm attempt 1 failed with ECONNREFUSED
35 http fetch GET https://registry.npmjs.org/remark-gfm attempt 2 failed with ECONNREFUSED
36 http fetch GET https://registry.npmjs.org/remark-gfm attempt 3 failed with ECONNREFUSED
37 silly fetch manifest remark-math@^6.0.0
38 silly packumentCache full:https://registry.npmjs.org/remark-math cache-miss
39 http fetch GET https://registry.npmjs.org/remark-math attempt 1 failed with ECONNREFUSED
40 http fetch GET https://registry.npmjs.org/remark-math attempt 2 failed with ECONNREFUSED
41 http fetch GET https://registry.npmjs.org/remark-math attempt 3 failed with ECONNREFUSED
42 silly placeDep ROOT katex@ OK for: synapse-web@0.1.0 want: ^0.16.22
43 silly placeDep ROOT react-markdown@ OK for: synapse-web@0.1.0 want: ^10.1.0
44 silly placeDep ROOT rehype-katex@ OK for: synapse-web@0.1.0 want: ^7.0.1
45 silly placeDep ROOT remark-gfm@ OK for: synapse-web@0.1.0 want: ^4.0.1
46 silly placeDep ROOT remark-math@ OK for: synapse-web@0.1.0 want: ^6.0.0
47 verbose type system
48 verbose stack FetchError: request to https://registry.npmjs.org/katex failed, reason: connect ECONNREFUSED 127.0.0.1:9
48 verbose stack     at ClientRequest.<anonymous> (C:\Program Files\nodejs\node_modules\npm\node_modules\minipass-fetch\lib\index.js:130:14)
48 verbose stack     at ClientRequest.emit (node:events:508:28)
48 verbose stack     at emitErrorEvent (node:_http_client:108:11)
48 verbose stack     at _destroy (node:_http_client:963:9)
48 verbose stack     at onSocketNT (node:_http_client:983:5)
48 verbose stack     at process.processTicksAndRejections (node:internal/process/task_queues:91:21)
49 error code ECONNREFUSED
50 error syscall connect
51 error errno ECONNREFUSED
52 error FetchError: request to https://registry.npmjs.org/katex failed, reason: connect ECONNREFUSED 127.0.0.1:9
52 error     at ClientRequest.<anonymous> (C:\Program Files\nodejs\node_modules\npm\node_modules\minipass-fetch\lib\index.js:130:14)
52 error     at ClientRequest.emit (node:events:508:28)
52 error     at emitErrorEvent (node:_http_client:108:11)
52 error     at _destroy (node:_http_client:963:9)
52 error     at onSocketNT (node:_http_client:983:5)
52 error     at process.processTicksAndRejections (node:internal/process/task_queues:91:21) {
52 error   code: 'ECONNREFUSED',
52 error   errno: 'ECONNREFUSED',
52 error   syscall: 'connect',
52 error   address: '127.0.0.1',
52 error   port: 9,
52 error   type: 'system',
52 error   requiredBy: '.'
52 error }
53 error
53 error If you are behind a proxy, please make sure that the
53 error 'proxy' config is set properly.  See: 'npm help config'
54 silly unfinished npm timer reify 1776720534111
55 silly unfinished npm timer reify:loadTrees 1776720534112
56 verbose cwd D:\Synapse\synapse
57 verbose os Windows_NT 10.0.26200
58 verbose node v24.14.1
59 verbose npm  v11.11.0
60 verbose exit 1
61 verbose code 1
62 error A complete log of this run can be found in: D:\Synapse\synapse\.npm-cache\_logs\2026-04-20T21_28_53_757Z-debug-0.log
