0 verbose cli C:\Program Files\nodejs\node.exe C:\Program Files\nodejs\node_modules\npm\bin\npm-cli.js
1 info using npm@11.11.0
2 info using node@v24.14.1
3 silly config load:file:C:\Program Files\nodejs\node_modules\npm\npmrc
4 silly config load:file:D:\Synapse\synapse\.npmrc
5 silly config load:file:C:\Users\MEGA IT SOLUTION\.npmrc
6 silly config load:file:C:\Users\MEGA IT SOLUTION\AppData\Roaming\npm\etc\npmrc
7 verbose title npm install
8 verbose argv "install" "--no-audit" "--no-fund"
9 verbose logfile logs-max:10 dir:D:\Synapse\synapse\.npm-cache\_logs\2026-04-20T21_35_12_333Z-
10 verbose logfile D:\Synapse\synapse\.npm-cache\_logs\2026-04-20T21_35_12_333Z-debug-0.log
11 silly logfile done cleaning log files
12 silly packumentCache heap:4496293888 maxSize:1124073472 maxEntrySize:562036736
13 silly idealTree buildDeps
14 silly fetch manifest katex@^0.16.22
15 silly packumentCache full:https://registry.npmjs.org/katex cache-miss
16 http fetch GET 200 https://registry.npmjs.org/katex 997ms (cache miss)
17 silly fetch manifest react-markdown@^10.1.0
18 silly packumentCache full:https://registry.npmjs.org/react-markdown cache-miss
19 http fetch GET 200 https://registry.npmjs.org/react-markdown 198ms (cache miss)
20 silly fetch manifest rehype-katex@^7.0.1
21 silly packumentCache full:https://registry.npmjs.org/rehype-katex cache-miss
22 http fetch GET 200 https://registry.npmjs.org/rehype-katex 160ms (cache miss)
23 silly fetch manifest remark-gfm@^4.0.1
24 silly packumentCache full:https://registry.npmjs.org/remark-gfm cache-miss
25 http fetch GET 200 https://registry.npmjs.org/remark-gfm 157ms (cache miss)
26 silly fetch manifest remark-math@^6.0.0
27 silly packumentCache full:https://registry.npmjs.org/remark-math cache-miss
28 http fetch GET 200 https://registry.npmjs.org/remark-math 158ms (cache miss)
29 silly placeDep ROOT katex@ OK for: synapse-web@0.1.0 want: ^0.16.22
30 silly placeDep ROOT react-markdown@ OK for: synapse-web@0.1.0 want: ^10.1.0
31 silly placeDep ROOT rehype-katex@ OK for: synapse-web@0.1.0 want: ^7.0.1
32 silly placeDep ROOT remark-gfm@ OK for: synapse-web@0.1.0 want: ^4.0.1
33 silly placeDep ROOT remark-math@ OK for: synapse-web@0.1.0 want: ^6.0.0
34 verbose type system
35 verbose stack FetchError: Invalid response body while trying to fetch https://registry.npmjs.org/katex: EPERM: operation not permitted, unlink 'D:\Synapse\synapse\.npm-cache\_cacache\tmp\3b286e80'
35 verbose stack     at C:\Program Files\nodejs\node_modules\npm\node_modules\minipass-fetch\lib\body.js:174:15
35 verbose stack     at async Response.json (C:\Program Files\nodejs\node_modules\npm\node_modules\minipass-fetch\lib\body.js:75:17)
35 verbose stack     at async RegistryFetcher.packument (C:\Program Files\nodejs\node_modules\npm\node_modules\pacote\lib\registry.js:98:25)
35 verbose stack     at async RegistryFetcher.manifest (C:\Program Files\nodejs\node_modules\npm\node_modules\pacote\lib\registry.js:128:23)
35 verbose stack     at async #fetchManifest (C:\Program Files\nodejs\node_modules\npm\node_modules\@npmcli\arborist\lib\arborist\build-ideal-tree.js:1227:20)
35 verbose stack     at async #nodeFromEdge (C:\Program Files\nodejs\node_modules\npm\node_modules\@npmcli\arborist\lib\arborist\build-ideal-tree.js:1061:19)
35 verbose stack     at async #buildDepStep (C:\Program Files\nodejs\node_modules\npm\node_modules\@npmcli\arborist\lib\arborist\build-ideal-tree.js:917:11)
35 verbose stack     at async Arborist.buildIdealTree (C:\Program Files\nodejs\node_modules\npm\node_modules\@npmcli\arborist\lib\arborist\build-ideal-tree.js:170:7)
35 verbose stack     at async Promise.all (index 1)
35 verbose stack     at async Arborist.reify (C:\Program Files\nodejs\node_modules\npm\node_modules\@npmcli\arborist\lib\arborist\reify.js:110:5)
36 error code EPERM
37 error syscall unlink
38 error path D:\Synapse\synapse\.npm-cache\_cacache\tmp\3b286e80
39 error errno EPERM
40 error FetchError: Invalid response body while trying to fetch https://registry.npmjs.org/katex: EPERM: operation not permitted, unlink 'D:\Synapse\synapse\.npm-cache\_cacache\tmp\3b286e80'
40 error     at C:\Program Files\nodejs\node_modules\npm\node_modules\minipass-fetch\lib\body.js:174:15
40 error     at async Response.json (C:\Program Files\nodejs\node_modules\npm\node_modules\minipass-fetch\lib\body.js:75:17)
40 error     at async RegistryFetcher.packument (C:\Program Files\nodejs\node_modules\npm\node_modules\pacote\lib\registry.js:98:25)
40 error     at async RegistryFetcher.manifest (C:\Program Files\nodejs\node_modules\npm\node_modules\pacote\lib\registry.js:128:23)
40 error     at async #fetchManifest (C:\Program Files\nodejs\node_modules\npm\node_modules\@npmcli\arborist\lib\arborist\build-ideal-tree.js:1227:20)
40 error     at async #nodeFromEdge (C:\Program Files\nodejs\node_modules\npm\node_modules\@npmcli\arborist\lib\arborist\build-ideal-tree.js:1061:19)
40 error     at async #buildDepStep (C:\Program Files\nodejs\node_modules\npm\node_modules\@npmcli\arborist\lib\arborist\build-ideal-tree.js:917:11)
40 error     at async Arborist.buildIdealTree (C:\Program Files\nodejs\node_modules\npm\node_modules\@npmcli\arborist\lib\arborist\build-ideal-tree.js:170:7)
40 error     at async Promise.all (index 1)
40 error     at async Arborist.reify (C:\Program Files\nodejs\node_modules\npm\node_modules\@npmcli\arborist\lib\arborist\reify.js:110:5) {
40 error   code: 'EPERM',
40 error   errno: 'EPERM',
40 error   syscall: 'unlink',
40 error   path: 'D:\\Synapse\\synapse\\.npm-cache\\_cacache\\tmp\\3b286e80',
40 error   type: 'system',
40 error   requiredBy: '.'
40 error }
41 error
41 error The operation was rejected by your operating system.
41 error It's possible that the file was already in use (by a text editor or antivirus),
41 error or that you lack permissions to access it.
41 error
41 error If you believe this might be a permissions issue, please double-check the
41 error permissions of the file and its containing directories, or try running
41 error the command again as root/Administrator.
42 silly unfinished npm timer reify 1776720912665
43 silly unfinished npm timer reify:loadTrees 1776720912667
44 verbose cwd D:\Synapse\synapse
45 verbose os Windows_NT 10.0.26200
46 verbose node v24.14.1
47 verbose npm  v11.11.0
48 verbose exit 1
49 verbose code 1
50 error A complete log of this run can be found in: D:\Synapse\synapse\.npm-cache\_logs\2026-04-20T21_35_12_333Z-debug-0.log
