0 verbose cli C:\Program Files\nodejs\node.exe C:\Program Files\nodejs\node_modules\npm\bin\npm-cli.js
1 info using npm@11.11.0
2 info using node@v24.14.1
3 silly config load:file:C:\Program Files\nodejs\node_modules\npm\npmrc
4 silly config load:file:D:\Synapse\synapse\.npmrc
5 silly config load:file:C:\Users\MEGA IT SOLUTION\.npmrc
6 silly config load:file:C:\Users\MEGA IT SOLUTION\AppData\Roaming\npm\etc\npmrc
7 verbose title npm ci
8 verbose argv "ci"
9 verbose logfile logs-max:10 dir:D:\Synapse\synapse\.npm-cache2\_logs\2026-04-20T21_45_21_312Z-
10 verbose logfile D:\Synapse\synapse\.npm-cache2\_logs\2026-04-20T21_45_21_312Z-debug-0.log
11 silly logfile done cleaning log files
12 http fetch GET https://registry.npmjs.org/npm attempt 1 failed with ECONNREFUSED
13 silly packumentCache heap:4496293888 maxSize:1124073472 maxEntrySize:562036736
14 silly idealTree buildDeps
15 silly fetch manifest katex@^0.16.22
16 silly packumentCache full:https://registry.npmjs.org/katex cache-miss
17 silly fetch manifest react-markdown@^10.1.0
18 silly packumentCache full:https://registry.npmjs.org/react-markdown cache-miss
19 silly fetch manifest rehype-katex@^7.0.1
20 silly packumentCache full:https://registry.npmjs.org/rehype-katex cache-miss
21 silly fetch manifest remark-gfm@^4.0.1
22 silly packumentCache full:https://registry.npmjs.org/remark-gfm cache-miss
23 silly fetch manifest remark-math@^6.0.0
24 silly packumentCache full:https://registry.npmjs.org/remark-math cache-miss
25 silly placeDep ROOT katex@ OK for: synapse-web@0.1.0 want: ^0.16.22
26 silly placeDep ROOT react-markdown@ OK for: synapse-web@0.1.0 want: ^10.1.0
27 silly placeDep ROOT rehype-katex@ OK for: synapse-web@0.1.0 want: ^7.0.1
28 silly placeDep ROOT remark-gfm@ OK for: synapse-web@0.1.0 want: ^4.0.1
29 silly placeDep ROOT remark-math@ OK for: synapse-web@0.1.0 want: ^6.0.0
30 verbose stack Error: request to https://registry.npmjs.org/katex failed: cache mode is 'only-if-cached' but no cached response is available.
30 verbose stack     at cacheFetch (C:\Program Files\nodejs\node_modules\npm\node_modules\make-fetch-happen\lib\cache\index.js:12:13)
30 verbose stack     at async fetch (C:\Program Files\nodejs\node_modules\npm\node_modules\make-fetch-happen\lib\fetch.js:98:7)
30 verbose stack     at async RegistryFetcher.packument (C:\Program Files\nodejs\node_modules\npm\node_modules\pacote\lib\registry.js:90:19)
30 verbose stack     at async RegistryFetcher.manifest (C:\Program Files\nodejs\node_modules\npm\node_modules\pacote\lib\registry.js:128:23)
30 verbose stack     at async #fetchManifest (C:\Program Files\nodejs\node_modules\npm\node_modules\@npmcli\arborist\lib\arborist\build-ideal-tree.js:1227:20)
30 verbose stack     at async #nodeFromEdge (C:\Program Files\nodejs\node_modules\npm\node_modules\@npmcli\arborist\lib\arborist\build-ideal-tree.js:1061:19)
30 verbose stack     at async #buildDepStep (C:\Program Files\nodejs\node_modules\npm\node_modules\@npmcli\arborist\lib\arborist\build-ideal-tree.js:917:11)
30 verbose stack     at async Arborist.buildIdealTree (C:\Program Files\nodejs\node_modules\npm\node_modules\@npmcli\arborist\lib\arborist\build-ideal-tree.js:170:7)
30 verbose stack     at async CI.exec (C:\Program Files\nodejs\node_modules\npm\lib\commands\ci.js:64:5)
30 verbose stack     at async Npm.exec (C:\Program Files\nodejs\node_modules\npm\lib\npm.js:209:9)
31 error code ENOTCACHED
32 error request to https://registry.npmjs.org/katex failed: cache mode is 'only-if-cached' but no cached response is available.
33 verbose cwd D:\Synapse\synapse
34 verbose os Windows_NT 10.0.26200
35 verbose node v24.14.1
36 verbose npm  v11.11.0
37 verbose exit 1
38 verbose code 1
39 error A complete log of this run can be found in: D:\Synapse\synapse\.npm-cache2\_logs\2026-04-20T21_45_21_312Z-debug-0.log
